// license:BSD-3-Clause
// copyright-holders:Aaron Giles
/*******************************************************************************

    tiny.lst

    List of all enabled drivers for compile target. This is not an automatically
    generated file, and it should be manually updated when a new driver is added.

*******************************************************************************/

@source:cave/cv1k.cpp
akatana
ddpdfk
ddpdfk10
ddpsdoj
deathsml
dfkbl
dsmbl
espgal2
espgal2a
espgal2b
futari10
futari15
futari15a
futaribl
futariblj
ibara
ibarao
ibarablk
ibarablka
mmmbanc
mmpork
mushisam
mushisama
mushisamb
mushitam
mushitama
pinkswts
pinkswtsa
pinkswtsb
pinkswtsx
pinkswtssc
